// Jest Snapshot v1, https://goo.gl/fbAQLP

exports[`merges the categories' navigate$s and maps them to their routes 1`] = `
Array [
  "",
  "top",
  "new",
  "show",
  "ask",
  "jobs",
  "about",
]
`;

exports[`renders the category list correctly 1`] = `
Array [
  <nav
    className="header"
  >
    <ol
      className="list"
    >
      <span.___cycle1
        className="active-false"
      >
        <span
          className="content"
        >
          <img
            src="cyclejs.svg"
            alt="Cycle.js Logo"
            className="logo"
          />
        </span>
        <span
          className="href"
        >
          #
        </span>
        <span
          className="pullRight"
        >
          false
        </span>
      </span.___cycle1>
      <span.___cycle2
        className="active-false"
      >
        <span
          className="content"
        >
          top
        </span>
        <span
          className="href"
        >
          #
        </span>
        <span
          className="pullRight"
        >
          false
        </span>
      </span.___cycle2>
      <span.___cycle3
        className="active-false"
      >
        <span
          className="content"
        >
          new
        </span>
        <span
          className="href"
        >
          #
        </span>
        <span
          className="pullRight"
        >
          false
        </span>
      </span.___cycle3>
      <span.___cycle4
        className="active-false"
      >
        <span
          className="content"
        >
          show
        </span>
        <span
          className="href"
        >
          #
        </span>
        <span
          className="pullRight"
        >
          false
        </span>
      </span.___cycle4>
      <span.___cycle5
        className="active-false"
      >
        <span
          className="content"
        >
          ask
        </span>
        <span
          className="href"
        >
          #
        </span>
        <span
          className="pullRight"
        >
          false
        </span>
      </span.___cycle5>
      <span.___cycle6
        className="active-false"
      >
        <span
          className="content"
        >
          jobs
        </span>
        <span
          className="href"
        >
          #
        </span>
        <span
          className="pullRight"
        >
          false
        </span>
      </span.___cycle6>
      <span.___cycle7
        className="active-false"
      >
        <span
          className="content"
        >
          about
        </span>
        <span
          className="href"
        >
          https://github.com/jeysal/cyclejs-hnpwa
        </span>
        <span
          className="pullRight"
        >
          true
        </span>
      </span.___cycle7>
    </ol>
  </nav>,
]
`;
